[2026-10-05 23:42:04.085][BuildSetting.cpp:ConfigSynchronizer:28][INFO]Reverse-Z: BuildSetting=1, DepthConfig=1, ShaderConfig=1
AssetManager initialized with root: /Users/zhouxuguang/work/mycode/GNXMapEngine/GNXEngine/data_asset/
2026-10-05 23:42:04.651 GNXMapEngine[35969:5068798] metal shader error program_source:130:5: error: variables in the threadgroup address space cannot be declared in a fragment function
    threadgroup TerrainPayload terrainPayload;
    ^
[2026-10-05 23:42:04.478][MTLPipelineCache.mm:Initialize:102][INFO]MTLPipelineCache: created empty archive in CAPTURE mode
[2026-10-05 23:42:04.486][ShaderAsset.cpp:LoadFromFile:325][INFO]ShaderAsset: loaded /Users/zhouxuguang/work/mycode/GNXMapEngine/GNXEngine/data_asset/Shader/PostProcessShader.msl_macos.gnxasset (2 stages, format 2)
[2026-10-05 23:42:04.487][ShaderAssetLoader.cpp:LoadCompiledShaderFromAsset:73][INFO]LoadCompiledShader: loaded stage 0 from /Users/zhouxuguang/work/mycode/GNXMapEngine/GNXEngine/data_asset/Shader/PostProcessShader.msl_macos.gnxasset (500 bytes)
[2026-10-05 23:42:04.487][ShaderAssetLoader.cpp:LoadCompiledShaderFromAsset:73][INFO]LoadCompiledShader: loaded stage 1 from /Users/zhouxuguang/work/mycode/GNXMapEngine/GNXEngine/data_asset/Shader/PostProcessShader.msl_macos.gnxasset (5447 bytes)
[2026-10-05 23:42:04.491][ShaderAsset.cpp:LoadFromFile:325][INFO]ShaderAsset: loaded /Users/zhouxuguang/work/mycode/GNXMapEngine/GNXEngine/data_asset/Shader/DepthGenerate.msl_macos.gnxasset (2 stages, format 2)
[2026-10-05 23:42:04.491][ShaderAssetLoader.cpp:LoadCompiledShaderFromAsset:73][INFO]LoadCompiledShader: loaded stage 0 from /Users/zhouxuguang/work/mycode/GNXMapEngine/GNXEngine/data_asset/Shader/DepthGenerate.msl_macos.gnxasset (1005 bytes)
[2026-10-05 23:42:04.491][ShaderAssetLoader.cpp:LoadCompiledShaderFromAsset:73][INFO]LoadCompiledShader: loaded stage 1 from /Users/zhouxuguang/work/mycode/GNXMapEngine/GNXEngine/data_asset/Shader/DepthGenerate.msl_macos.gnxasset (988 bytes)
[2026-10-05 23:42:04.492][ShaderAsset.cpp:LoadFromFile:325][INFO]ShaderAsset: loaded /Users/zhouxuguang/work/mycode/GNXMapEngine/GNXEngine/data_asset/Shader/SkinnedDepthGenerate.msl_macos.gnxasset (2 stages, format 2)
[2026-10-05 23:42:04.492][ShaderAssetLoader.cpp:LoadCompiledShaderFromAsset:73][INFO]LoadCompiledShader: loaded stage 0 from /Users/zhouxuguang/work/mycode/GNXMapEngine/GNXEngine/data_asset/Shader/SkinnedDepthGenerate.msl_macos.gnxasset (2410 bytes)
[2026-10-05 23:42:04.492][ShaderAssetLoader.cpp:LoadCompiledShaderFromAsset:73][INFO]LoadCompiledShader: loaded stage 1 from /Users/zhouxuguang/work/mycode/GNXMapEngine/GNXEngine/data_asset/Shader/SkinnedDepthGenerate.msl_macos.gnxasset (988 bytes)
[2026-10-05 23:42:04.493][ShaderAsset.cpp:LoadFromFile:325][INFO]ShaderAsset: loaded /Users/zhouxuguang/work/mycode/GNXMapEngine/GNXEngine/data_asset/Shader/TerrainDepth.msl_macos.gnxasset (2 stages, format 2)
[2026-10-05 23:42:04.493][ShaderAssetLoader.cpp:LoadCompiledShaderFromAsset:73][INFO]LoadCompiledShader: loaded stage 0 from /Users/zhouxuguang/work/mycode/GNXMapEngine/GNXEngine/data_asset/Shader/TerrainDepth.msl_macos.gnxasset (1879 bytes)
[2026-10-05 23:42:04.493][ShaderAssetLoader.cpp:LoadCompiledShaderFromAsset:73][INFO]LoadCompiledShader: loaded stage 1 from /Users/zhouxuguang/work/mycode/GNXMapEngine/GNXEngine/data_asset/Shader/TerrainDepth.msl_macos.gnxasset (1355 bytes)
[2026-10-05 23:42:04.495][ShaderAsset.cpp:LoadFromFile:325][INFO]ShaderAsset: loaded /Users/zhouxuguang/work/mycode/GNXMapEngine/GNXEngine/data_asset/Shader/TerrainMSDepth.msl_macos.gnxasset (3 stages, format 2)
[2026-10-05 23:42:04.495][ShaderAssetLoader.cpp:LoadCompiledShaderFromAsset:73][INFO]LoadCompiledShader: loaded stage 1 from /Users/zhouxuguang/work/mycode/GNXMapEngine/GNXEngine/data_asset/Shader/TerrainMSDepth.msl_macos.gnxasset (2474 bytes)
[2026-10-05 23:42:04.495][ShaderAssetLoader.cpp:LoadCompiledShaderFromAsset:73][INFO]LoadCompiledShader: loaded stage 3 from /Users/zhouxuguang/work/mycode/GNXMapEngine/GNXEngine/data_asset/Shader/TerrainMSDepth.msl_macos.gnxasset (4470 bytes)
[2026-10-05 23:42:04.496][ShaderAssetLoader.cpp:LoadCompiledShaderFromAsset:73][INFO]LoadCompiledShader: loaded stage 4 from /Users/zhouxuguang/work/mycode/GNXMapEngine/GNXEngine/data_asset/Shader/TerrainMSDepth.msl_macos.gnxasset (13049 bytes)
[2026-10-05 23:42:04.652][ShaderAssetLoader.cpp:LoadCompiledShaderFromAsset:73][INFO]LoadCompiledShader: loaded stage 0 from /Users/zhouxuguang/work/mycode/GNXMapEngine/GNXEngine/data_asset/Shader/DepthGenerate.ms2026-10-05 23:42:04.712 GNXMapEngine[35969:5068798] metal shader error program_source:130:5: error: variables in the threadgroup address space cannot be declared in a fragment function
    threadgroup TerrainPayload terrainPayload;
    ^
l_macos.gnxasset (1005 bytes)
[2026-10-05 23:42:04.652][ShaderAssetLoader.cpp:LoadCompiledShaderFromAsset:73][INFO]LoadCompiledShader: loaded stage 1 from /Users/zhouxuguang/work/mycode/GNXMapEngine/GNXEngine/data_asset/Shader/DepthGenerate.msl_macos.gnxasset (988 bytes)
[2026-10-05 23:42:04.652][ShaderAssetLoader.cpp:LoadCompiledShaderFromAsset:73][INFO]LoadCompiledShader: loaded stage 0 from /Users/zhouxuguang/work/mycode/GNXMapEngine/GNXEngine/data_asset/Shader/SkinnedDepthGenerate.msl_macos.gnxasset (2410 bytes)
[2026-10-05 23:42:04.652][ShaderAssetLoader.cpp:LoadCompiledShaderFromAsset:73][INFO]LoadCompiledShader: loaded stage 1 from /Users/zhouxuguang/work/mycode/GNXMapEngine/GNXEngine/data_asset/Shader/SkinnedDepthGenerate.msl_macos.gnxasset (988 bytes)
[2026-10-05 23:42:04.653][ShaderAssetLoader.cpp:LoadCompiledShaderFromAsset:73][INFO]LoadCompiledShader: loaded stage 0 from /Users/zhouxuguang/work/mycode/GNXMapEngine/GNXEngine/data_asset/Shader/TerrainDepth.msl_macos.gnxasset (1879 bytes)
[2026-10-05 23:42:04.653][ShaderAssetLoader.cpp:LoadCompiledShaderFromAsset:73][INFO]LoadCompiledShader: loaded stage 1 from /Users/zhouxuguang/work/mycode/GNXMapEngine/GNXEngine/data_asset/Shader/TerrainDepth.msl_macos.gnxasset (1355 bytes)
[2026-10-05 23:42:04.653][ShaderAssetLoader.cpp:LoadCompiledShaderFromAsset:73][INFO]LoadCompiledShader: loaded stage 1 from /Users/zhouxuguang/work/mycode/GNXMapEngine/GNXEngine/data_asset/Shader/TerrainMSDepth.msl_macos.gnxasset (2474 bytes)
[2026-10-05 23:42:04.653][ShaderAssetLoader.cpp:LoadCompiledShaderFromAsset:73][INFO]LoadCompiledShader: loaded stage 3 from /Users/zhouxuguang/work/mycode/GNXMapEngine/GNXEngine/data_asset/Shader/TerrainMSDepth.msl_macos.gnxasset (4470 bytes)
[2026-10-05 23:42:04.653][ShaderAssetLoader.cpp:LoadCompiledShaderFromAsset:73][INFO]LoadCompiledShader: loaded stage 4 from /Users/zhouxuguang/work/mycode/GNXMapEngine/GNXEngine/data_asset/Shader/TerrainMSDepth.msl_macos.gnxasset (13049 bytes)
[2026-10-05 23:42:04.713][ShaderAssetLoader.cpp:LoadCompiledShaderFromAsset:73][INFO]LoadCompiledShader: loaded stage 0 from /Users/zhouxuguang/work/mycode/GNXMapEngine/GNXEngine/data_asset/Shader/PostProcessShader.msl_macos.gnxasset (500 bytes)
[2026-10-05 23:42:04.713][ShaderAssetLoader.cpp:LoadCompiledShaderFromAsset:73][INFO]LoadCompiledShader: loaded stage 1 from /Users/zhouxuguang/work/mycode/GNXMapEngine/GNXEngine/data_asset/Shader/PostProcessShader.msl_macos.gnxasset (5447 bytes)
[2026-10-05 23:42:04.714][ShaderAsset.cpp:LoadFromFile:325][INFO]ShaderAsset: loaded /Users/zhouxuguang/work/mycode/GNXMapEngine/GNXEngine/data_asset/Shader/vt/Feedback.msl_macos.gnxasset (2 stages, format 2)
[2026-10-05 23:42:04.714][ShaderAssetLoader.cpp:LoadCompiledShaderFromAsset:73][INFO]LoadCompiledShader: loaded stage 0 from /Users/zhouxuguang/work/mycode/GNXMapEngine/GNXEngine/data_asset/Shader/vt/Feedback.msl_macos.gnxasset (1144 bytes)
[2026-10-05 23:42:04.714][ShaderAssetLoader.cpp:LoadCompiledShaderFromAsset:73][INFO]LoadCompiledShader: loaded stage 1 from /Users/zhouxuguang/work/mycode/GNXMapEngine/GNXEngine/data_asset/Shader/vt/Feedback.msl_macos.gnxasset (2024 bytes)
[2026-10-05 23:42:04.792][ShaderAsset.cpp:LoadFromFile:325][INFO]ShaderAsset: loaded /Users/zhouxuguang/work/mycode/GNXMapEngine/GNXEngine/data_asset/Shader/ModelShader.msl_macos.gnxasset (2 stages, format 2)
[2026-10-05 23:42:04.792][ShaderAssetLoader.cpp:LoadCompiledShaderFromAsset:73][INFO]LoadCompiledShader: loaded stage 0 from /Users/zhouxuguang/work/mycode/GNXMapEngine/GNXEngine/data_asset/Shader/ModelShader.msl_macos.gnxasset (2594 bytes)
[2026-10-05 23:42:04.792][ShaderAssetLoader.cpp:LoadCompiledShaderFromAsset:73][INFO]LoadCompiledShader: loaded stage 1 from /Users/zhouxuguang/work/mycode/GNXMapEngine/GNXEngine/data_asset/Shader/ModelShader.msl_macos.gnxasset (1353 bytes)
[2026-10-05 23:42:04.793][EarthCamera.cpp:EarthCamera:51][INFO]EarthCamera initialized: eye(lon=110.000000, lat=23.000000, h=6398140.0) target(lon=110.000000, lat=23.000000, h=0.0) azimuth=0.0000 deg pitch=0.0000 deg distance=6398140.0 m
[2026-10-05 23:42:04.799][ShaderAsset.cpp:LoadFromFile:325][INFO]ShaderAsset: loaded /Users/zhouxuguang/work/mycode/GNXMapEngine/GNXEngine/data_asset/Shader/Atmosphere/ComputeTransmittance.msl_macos.gnxasset (2 stages, format 2)
[2026-10-05 23:42:04.799][ShaderAssetLoader.cpp:LoadCompiledShaderFromAsset:73][INFO]LoadCompiledShader: loaded stage 0 from /Users/zhouxuguang/work/mycode/GNXMapEngine/GNXEngine/data_asset/Shader/Atmosphere/ComputeTransmittance.msl_macos.gnxasset (353 bytes)
[2026-10-05 23:42:04.799][ShaderAssetLoader.cpp:LoadCompiledShaderFromAsset:73][INFO]LoadCompiledShader: loaded stage 1 from /Users/zhouxuguang/work/mycode/GNXMapEngine/GNXEngine/data_asset/Shader/Atmosphere/ComputeTransmittance.msl_macos.gnxasset (6545 bytes)
[2026-10-05 23:42:04.800][ShaderAsset.cpp:LoadFromFile:325][INFO]ShaderAsset: loaded /Users/zhouxuguang/work/mycode/GNXMapEngine/GNXEngine/data_asset/Shader/Atmosphere/ComputeDirectIrradiance.msl_macos.gnxasset (2 stages, format 2)
[2026-10-05 23:42:04.800][ShaderAssetLoader.cpp:LoadCompiledShaderFromAsset:73][INFO]LoadCompiledShader: loaded stage 0 from /Users/zhouxuguang/work/mycode/GNXMapEngine/GNXEngine/data_asset/Shader/Atmosphere/ComputeDirectIrradiance.msl_macos.gnxasset (353 bytes)
[2026-10-05 23:42:04.800][ShaderAssetLoader.cpp:LoadCompiledShaderFromAsset:73][INFO]LoadCompiledShader: loaded stage 1 from /Users/zhouxuguang/work/mycode/GNXMapEngine/GNXEngine/data_asset/Shader/Atmosphere/ComputeDirectIrradiance.msl_macos.gnxasset (2975 bytes)
[2026-10-05 23:42:04.801][ShaderAsset.cpp:LoadFromFile:325][INFO]ShaderAsset: loaded /Users/zhouxuguang/work/mycode/GNXMapEngine/GNXEngine/data_asset/Shader/Atmosphere/ComputeSingleScattering.msl_macos.gnxasset (2 stages, format 2)
[2026-10-05 23:42:04.802][ShaderAssetLoader.cpp:LoadCompiledShaderFromAsset:73][INFO]LoadCompiledShader: loaded stage 0 from /Users/zhouxuguang/work/mycode/GNXMapEngine/GNXEngine/data_asset/Shader/Atmosphere/ComputeSingleScattering.msl_macos.gnxasset (353 bytes)
[2026-10-05 23:42:04.802][ShaderAssetLoader.cpp:LoadCompiledShaderFromAsset:73][INFO]LoadCompiledShader: loaded stage 1 from /Users/zhouxuguang/work/mycode/GNXMapEngine/GNXEngine/data_asset/Shader/Atmosphere/ComputeSingleScattering.msl_macos.gnxasset (10707 bytes)
[2026-10-05 23:42:04.803][ShaderAsset.cpp:LoadFromFile:325][INFO]ShaderAsset: loaded /Users/zhouxuguang/work/mycode/GNXMapEngine/GNXEngine/data_asset/Shader/Atmosphere/ComputeScatteringDensity.msl_macos.gnxasset (2 stages, format 2)
[2026-10-05 23:42:04.803][ShaderAssetLoader.cpp:LoadCompiledShaderFromAsset:73][INFO]LoadCompiledShader: loaded stage 0 from /Users/zhouxuguang/work/mycode/GNXMapEngine/GNXEngine/data_asset/Shader/Atmosphere/ComputeScatteringDensity.msl_macos.gnxasset (353 bytes)
[2026-10-05 23:42:04.803][ShaderAssetLoader.cpp:LoadCompiledShaderFromAsset:73][INFO]LoadCompiledShader: loaded stage 1 from /Users/zhouxuguang/work/mycode/GNXMapEngine/GNXEngine/data_asset/Shader/Atmosphere/ComputeScatteringDensity.msl_macos.gnxasset (16161 bytes)
[2026-10-05 23:42:04.804][ShaderAsset.cpp:LoadFromFile:325][INFO]ShaderAsset: loaded /Users/zhouxuguang/work/mycode/GNXMapEngine/GNXEngine/data_asset/Shader/Atmosphere/ComputeIndirectIrradiance.msl_macos.gnxasset (2 stages, format 2)
[2026-10-05 23:42:04.805][ShaderAssetLoader.cpp:LoadCompiledShaderFromAsset:73][INFO]LoadCompiledShader: loaded stage 0 from /Users/zhouxuguang/work/mycode/GNXMapEngine/GNXEngine/data_asset/Shader/Atmosphere/ComputeIndirectIrradiance.msl_macos.gnxasset (353 bytes)
[2026-10-05 23:42:04.805][ShaderAssetLoader.cpp:LoadCompiledShaderFromAsset:73][INFO]LoadCompiledShader: loaded stage 1 from /Users/zhouxuguang/work/mycode/GNXMapEngine/GNXEngine/data_asset/Shader/Atmosphere/ComputeIndirectIrradiance.msl_macos.gnxasset (7478 bytes)
[2026-10-05 23:42:04.806][ShaderAsset.cpp:LoadFromFile:325][INFO]ShaderAsset: loaded /Users/zhouxuguang/work/mycode/GNXMapEngine/GNXEngine/data_asset/Shader/Atmosphere/ComputeMultipleScattering.msl_macos.gnxasset (2 stages, format 2)
[2026-10-05 23:42:04.806][ShaderAssetLoader.cpp:LoadCompiled2026-10-05 23:42:05.276 GNXMapEngine[35969:5068798] MTLGraphicsShader::GenerateRefectionInfo Found arg: AtmosphereParametersCB, index = 0
2026-10-05 23:42:05.278 GNXMapEngine[35969:5068798] MTLGraphicsShader::GenerateRefectionInfo Found arg: AtmosphereParametersCB, index = 0
2026-10-05 23:42:05.278 GNXMapEngine[35969:5068798] MTLGraphicsShader::GenerateRefectionInfo Found arg: transmittance_texture, index = 0
2026-10-05 23:42:05.278 GNXMapEngine[35969:5068798] MTLGraphicsShader::GenerateRefectionInfo Found arg: transmittance_textureSam, index = 0
2026-10-05 23:42:05.279 GNXMapEngine[35969:5068798] MTLGraphicsShader::GenerateRefectionInfo Found arg: AtmosphereParametersCB, index = 0
2026-10-05 23:42:05.280 GNXMapEngine[35969:5068798] MTLGraphicsShader::GenerateRefectionInfo Found arg: ScatteringCB, index = 1
2026-10-05 23:42:05.280 GNXMapEngine[35969:5068798] MTLGraphicsShader::GenerateRefectionInfo Found arg: transmittance_texture, index = 0
2026-10-05 23:42:05.280 GNXMapEngine[35969:5068798] MTLGraphicsShader::GenerateRefectionInfo Found arg: transmittance_textureSam, index = 0
ShaderFromAsset:73][INFO]LoadCompiledShader: loaded stage 0 from /Users/zhouxuguang/work/mycode/GNXMapEngine/GNXEngine/data_asset/Shader/Atmosphere/ComputeMultipleScattering.msl_macos.gnxasset (353 bytes)
[2026-10-05 23:42:04.806][ShaderAssetLoader.cpp:LoadCompiledShaderFromAsset:73][INFO]LoadCompiledShader: loaded stage 1 from /Users/zhouxuguang/work/mycode/GNXMapEngine/GNXEngine/data_asset/Shader/Atmosphere/ComputeMultipleScattering.msl_macos.gnxasset (9171 bytes)
[2026-10-05 23:42:04.807][ShaderAsset.cpp:LoadFromFile:325][INFO]ShaderAsset: loaded /Users/zhouxuguang/work/mycode/GNXMapEngine/GNXEngine/data_asset/Shader/Atmosphere/AtmosphereShader.msl_macos.gnxasset (2 stages, format 2)
[2026-10-05 23:42:04.808][ShaderAssetLoader.cpp:LoadCompiledShaderFromAsset:73][INFO]LoadCompiledShader: loaded stage 0 from /Users/zhouxuguang/work/mycode/GNXMapEngine/GNXEngine/data_asset/Shader/Atmosphere/AtmosphereShader.msl_macos.gnxasset (515 bytes)
[2026-10-05 23:42:04.808][ShaderAssetLoader.cpp:LoadCompiledShaderFromAsset:73][INFO]LoadCompiledShader: loaded stage 1 from /Users/zhouxuguang/work/mycode/GNXMapEngine/GNXEngine/data_asset/Shader/Atmosphere/AtmosphereShader.msl_macos.gnxasset (7874 bytes)
[2026-10-05 23:42:04.810][ShaderAsset.cpp:LoadFromFile:325][INFO]ShaderAsset: loaded /Users/zhouxuguang/work/mycode/GNXMapEngine/GNXEngine/data_asset/Shader/Atmosphere/AtmospherePlanetComposite.msl_macos.gnxasset (2 stages, format 2)
[2026-10-05 23:42:04.810][ShaderAssetLoader.cpp:LoadCompiledShaderFromAsset:73][INFO]LoadCompiledShader: loaded stage 0 from /Users/zhouxuguang/work/mycode/GNXMapEngine/GNXEngine/data_asset/Shader/Atmosphere/AtmospherePlanetComposite.msl_macos.gnxasset (515 bytes)
[2026-10-05 23:42:04.810][ShaderAssetLoader.cpp:LoadCompiledShaderFromAsset:73][INFO]LoadCompiledShader: loaded stage 1 from /Users/zhouxuguang/work/mycode/GNXMapEngine/GNXEngine/data_asset/Shader/Atmosphere/AtmospherePlanetComposite.msl_macos.gnxasset (30093 bytes)
[2026-10-05 23:42:04.811][Mesh.cpp:~Mesh:20][INFO]Mesh::~Mesh()
[2026-10-05 23:42:04.816][MapApplication.cpp:ApplyStartupOptions:204][INFO]启动配置: 面板=关 方位角=0.000000 度 俯仰角=85.000000 度 距离=20000.000 m 截图=/Users/zhouxuguang/work/doc/预计算大气散射/atmosphere_scattering_images/earth_horizon.png 等待帧数=180 拖拽灵敏度(方位角/俯仰角/缩放)=1.000/1.000/1.000
[2026-10-05 23:42:04.816][MapRenderer.cpp:LogCameraState:278][INFO][启动] 方位角(目标点基准)=0.000000 度 俯仰角(目标点基准)=85.000000 度 | 方位角(视点基准)=0.000000 度 俯仰角(视点基准)=84.820139 度 | 距离=20000.000 m
        视点: 经度=110.000000 纬度=22.820139 高=1774.387
        目标: 经度=110.000000 纬度=23.000000 高=0.000
        视线(东/北/天)=0.000000 / 0.995916 / -0.090283
[2026-10-05 23:42:05.285][ShaderAsset.cpp:LoadFromFile:325][INFO]ShaderAsset: loaded /Users/zhouxuguang/work/mycode/GNXMapEngine/GNXEngine/data_asset/Shader/DeferredGeometryDepth.msl_macos.gnxasset (2 stages, format 2)
[2026-10-05 23:42:05.285][ShaderAssetLoader.cpp:LoadCompiledShaderFromAsset:73][INFO]LoadCompiledShader: loaded stage 0 from /Users/zhouxuguang/work/mycode/GNXMapEngine/GNXEngine/data_asset/Shader/DeferredGeometryDepth.msl_macos.gnxasset (1005 bytes)
[2026-10-05 23:42:05.285][ShaderAssetLoader.cpp:LoadCompiledShaderFromAsset:73][INFO]LoadCompiledShader: loaded stage 1 from /Users/zhouxuguang/work/mycode/GNXMapEngine/GNXEngine/data_asset/Shader/DeferredGeometryDepth.msl_macos.gnxasset (988 bytes)
[2026-10-05 23:42:05.286][ShaderAsset.cpp:LoadFromFile:325][INFO]ShaderAsset: loaded /Users/zhouxuguang/work/mycode/GNXMapEngine/GNXEngine/data_asset/Shader/BasePass.msl_macos.gnxasset (2 stages, format 2)
[2026-10-05 23:42:05.287][ShaderAssetLoader.cpp:LoadCompiledShaderFromAsset:73][INFO]LoadCompiledShader: loaded stage 0 from /Users/zhouxuguang/work/mycode/GNXMapEngine/GNXEngine/data_asset/Shader/BasePass.msl_macos.gnxasset (1762 bytes)
[2026-10-05 23:42:05.287][ShaderAssetLoader.cpp:LoadCompiledShaderFromAsset:73][INFO]LoadCompiledShader:2026-10-05 23:42:05.376 GNXMapEngine[35969:5068798] metal shader error program_source:147:5: error: variables in the threadgroup address space cannot be declared in a fragment function
    threadgroup TerrainPayload terrainPayload;
    ^
 loaded stage 1 from /Users/zhouxuguang/work/mycode/GNXMapEngine/GNXEngine/data_asset/Shader/BasePass.msl_macos.gnxasset (3333 bytes)
[2026-10-05 23:42:05.288][ShaderAsset.cpp:LoadFromFile:325][INFO]ShaderAsset: loaded /Users/zhouxuguang/work/mycode/GNXMapEngine/GNXEngine/data_asset/Shader/vt/GBufferVTPBR.msl_macos.gnxasset (2 stages, format 2)
[2026-10-05 23:42:05.288][ShaderAssetLoader.cpp:LoadCompiledShaderFromAsset:73][INFO]LoadCompiledShader: loaded stage 0 from /Users/zhouxuguang/work/mycode/GNXMapEngine/GNXEngine/data_asset/Shader/vt/GBufferVTPBR.msl_macos.gnxasset (1762 bytes)
[2026-10-05 23:42:05.288][ShaderAssetLoader.cpp:LoadCompiledShaderFromAsset:73][INFO]LoadCompiledShader: loaded stage 1 from /Users/zhouxuguang/work/mycode/GNXMapEngine/GNXEngine/data_asset/Shader/vt/GBufferVTPBR.msl_macos.gnxasset (5798 bytes)
[2026-10-05 23:42:05.289][ShaderAsset.cpp:LoadFromFile:325][INFO]ShaderAsset: loaded /Users/zhouxuguang/work/mycode/GNXMapEngine/GNXEngine/data_asset/Shader/Terrain.msl_macos.gnxasset (2 stages, format 2)
[2026-10-05 23:42:05.290][ShaderAssetLoader.cpp:LoadCompiledShaderFromAsset:73][INFO]LoadCompiledShader: loaded stage 0 from /Users/zhouxuguang/work/mycode/GNXMapEngine/GNXEngine/data_asset/Shader/Terrain.msl_macos.gnxasset (2989 bytes)
[2026-10-05 23:42:05.290][ShaderAssetLoader.cpp:LoadCompiledShaderFromAsset:73][INFO]LoadCompiledShader: loaded stage 1 from /Users/zhouxuguang/work/mycode/GNXMapEngine/GNXEngine/data_asset/Shader/Terrain.msl_macos.gnxasset (2875 bytes)
[2026-10-05 23:42:05.291][ShaderAsset.cpp:LoadFromFile:325][INFO]ShaderAsset: loaded /Users/zhouxuguang/work/mycode/GNXMapEngine/GNXEngine/data_asset/Shader/TerrainMS.msl_macos.gnxasset (3 stages, format 2)
[2026-10-05 23:42:05.292][ShaderAssetLoader.cpp:LoadCompiledShaderFromAsset:73][INFO]LoadCompiledShader: loaded stage 1 from /Users/zhouxuguang/work/mycode/GNXMapEngine/GNXEngine/data_asset/Shader/TerrainMS.msl_macos.gnxasset (4008 bytes)
[2026-10-05 23:42:05.292][ShaderAssetLoader.cpp:LoadCompiledShaderFromAsset:73][INFO]LoadCompiledShader: loaded stage 3 from /Users/zhouxuguang/work/mycode/GNXMapEngine/GNXEngine/data_asset/Shader/TerrainMS.msl_macos.gnxasset (4470 bytes)
[2026-10-05 23:42:05.292][ShaderAssetLoader.cpp:LoadCompiledShaderFromAsset:73][INFO]LoadCompiledShader: loaded stage 4 from /Users/zhouxuguang/work/mycode/GNXMapEngine/GNXEngine/data_asset/Shader/TerrainMS.msl_macos.gnxasset (15003 bytes)
[2026-10-05 23:42:05.377][ShaderAsset.cpp:LoadFromFile:325][INFO]ShaderAsset: loaded /Users/zhouxuguang/work/mycode/GNXMapEngine/GNXEngine/data_asset/Shader/DeferredGeometryBase.msl_macos.gnxasset (2 stages, format 2)
[2026-10-05 23:42:05.377][ShaderAssetLoader.cpp:LoadCompiledShaderFromAsset:73][INFO]LoadCompiledShader: loaded stage 0 from /Users/zhouxuguang/work/mycode/GNXMapEngine/GNXEngine/data_asset/Shader/DeferredGeometryBase.msl_macos.gnxasset (1339 bytes)
[2026-10-05 23:42:05.377][ShaderAssetLoader.cpp:LoadCompiledShaderFromAsset:73][INFO]LoadCompiledShader: loaded stage 1 from /Users/zhouxuguang/work/mycode/GNXMapEngine/GNXEngine/data_asset/Shader/DeferredGeometryBase.msl_macos.gnxasset (2039 bytes)
[2026-10-05 23:42:05.378][ShaderAsset.cpp:LoadFromFile:325][INFO]ShaderAsset: loaded /Users/zhouxuguang/work/mycode/GNXMapEngine/GNXEngine/data_asset/Shader/DeferredGeometryUnlitBase.msl_macos.gnxasset (2 stages, format 2)
[2026-10-05 23:42:05.378][ShaderAssetLoader.cpp:LoadCompiledShaderFromAsset:73][INFO]LoadCompiledShader: loaded stage 0 from /Users/zhouxuguang/work/mycode/GNXMapEngine/GNXEngine/data_asset/Shader/DeferredGeometryUnlitBase.msl_macos.gnxasset (1339 bytes)
[2026-10-05 23:42:05.378][ShaderAssetLoader.cpp:LoadCompiledShaderFromAsset:73][INFO]LoadCompiledShader: loaded stage 1 from /Users/zhouxuguang/work/mycode/GNXMapEngine/GNXEngine/data_asset/Shader/DeferredGeometryUnlitBase.msl_macos.gnxasset (2016 bytes)
[2026-10-05 23:42:05.379][ShaderAsset.cpp:LoadFromFile:325][INFO]ShaderAsset: loaded /Users/zhouxuguang/work/mycode/GNXMapEngine/GNXEngine/data_asset/Shader/DeferredLighting.msl_macos.gnxasset (2 stages, 2026-10-05 23:42:05.382 GNXMapEngine[35969:5068798] MTLGraphicsShader::GenerateRefectionInfo Found arg: vertexBuffer.0, index = 0
2026-10-05 23:42:05.382 GNXMapEngine[35969:5068798] MTLGraphicsShader::GenerateRefectionInfo Found arg: cbPerCamera, index = 1
2026-10-05 23:42:05.382 GNXMapEngine[35969:5068798] MTLGraphicsShader::GenerateRefectionInfo Found arg: cbPerObject, index = 2
2026-10-05 23:42:05.383 GNXMapEngine[35969:5068798] Found arg: vertexBuffer.0
2026-10-05 23:42:05.383 GNXMapEngine[35969:5068798] Found arg: cbPerCamera
2026-10-05 23:42:05.383 GNXMapEngine[35969:5068798] uniform: MATRIX_P type:15, location: 0
2026-10-05 23:42:05.383 GNXMapEngine[35969:5068798] uniform: MATRIX_INV_P type:15, location: 64
2026-10-05 23:42:05.383 GNXMapEngine[35969:5068798] uniform: MATRIX_V type:15, location: 128
2026-10-05 23:42:05.383 GNXMapEngine[35969:5068798] uniform: MATRIX_INV_V type:15, location: 192
2026-10-05 23:42:05.383 GNXMapEngine[35969:5068798] uniform: MATRIX_VP type:15, location: 256
2026-10-05 23:42:05.383 GNXMapEngine[35969:5068798] uniform: MATRIX_INV_VP type:15, location: 320
2026-10-05 23:42:05.383 GNXMapEngine[35969:5068798] uniform: MATRIX_PrevVP type:15, location: 384
2026-10-05 23:42:05.383 GNXMapEngine[35969:5068798] uniform: MATRIX_PrevInvVP type:15, location: 448
2026-10-05 23:42:05.383 GNXMapEngine[35969:5068798] uniform: _WorldSpaceCameraPos type:5, location: 512
2026-10-05 23:42:05.383 GNXMapEngine[35969:5068798] uniform: _ProjectionParams type:6, location: 528
2026-10-05 23:42:05.383 GNXMapEngine[35969:5068798] uniform: _ScreenParams type:6, location: 544
2026-10-05 23:42:05.383 GNXMapEngine[35969:5068798] uniform: _ZBufferParams type:6, location: 560
2026-10-05 23:42:05.383 GNXMapEngine[35969:5068798] uniform: frustumPlanes type:2, location: 576
2026-10-05 23:42:05.383 GNXMapEngine[35969:5068798] Found arg: cbPerObject
2026-10-05 23:42:05.383 GNXMapEngine[35969:5068798] uniform: MATRIX_M type:15, location: 0
2026-10-05 23:42:05.383 GNXMapEngine[35969:5068798] uniform: MATRIX_M_INV type:15, location: 64
2026-10-05 23:42:05.383 GNXMapEngine[35969:5068798] uniform: MATRIX_Normal type:15, location: 128
2026-10-05 23:42:05.391 GNXMapEngine[35969:5068798] MTLGraphicsShader::GenerateRefectionInfo Found arg: vertexBuffer.0, index = 0
2026-10-05 23:42:05.391 GNXMapEngine[35969:5068798] MTLGraphicsShader::GenerateRefectionInfo Found arg: vertexBuffer.1, index = 1
2026-10-05 23:42:05.391 GNXMapEngine[35969:5068798] MTLGraphicsShader::GenerateRefectionInfo Found arg: vertexBuffer.2, index = 2
2026-10-05 23:42:05.391 GNXMapEngine[35969:5068798] MTLGraphicsShader::GenerateRefectionInfo Found arg: cbPerCamera, index = 3
2026-10-05 23:42:05.391 GNXMapEngine[35969:5068798] MTLGraphicsShader::GenerateRefectionInfo Found arg: cbPerObject, index = 4
2026-10-05 23:42:05.391 GNXMapEngine[35969:5068798] MTLGraphicsShader::GenerateRefectionInfo Found arg: gDiffuseMap, index = 0
2026-10-05 23:42:05.391 GNXMapEngine[35969:5068798] MTLGraphicsShader::GenerateRefectionInfo Found arg: gDiffuseMapSam, index = 0
2026-10-05 23:42:05.391 GNXMapEngine[35969:5068798] Found arg: vertexBuffer.0
2026-10-05 23:42:05.391 GNXMapEngine[35969:5068798] Found arg: vertexBuffer.1
2026-10-05 23:42:05.391 GNXMapEngine[35969:5068798] Found arg: vertexBuffer.2
2026-10-05 23:42:05.391 GNXMapEngine[35969:5068798] Found arg: cbPerCamera
2026-10-05 23:42:05.391 GNXMapEngine[35969:5068798] uniform: MATRIX_P type:15, location: 0
2026-10-05 23:42:05.391 GNXMapEngine[35969:5068798] uniform: MATRIX_INV_P type:15, location: 64
2026-10-05 23:42:05.391 GNXMapEngine[35969:5068798] uniform: MATRIX_V type:15, location: 128
2026-10-05 23:42:05.391 GNXMapEngine[35969:5068798] uniform: MATRIX_INV_V type:15, location: 192
2026-10-05 23:42:05.391 GNXMapEngine[35969:5068798] uniform: MATRIX_VP type:15, location: 256
2026-10-05 23:42:05.391 GNXMapEngine[35969:5068798] uniform: MATRIX_INV_VP type:15, location: 320
2026-10-05 23:42:05.391 GNXMapEngine[35969:5068798] uniform: MATRIX_PrevVP type:15, location: 384
2026-10-05 23:42:05.391 GNXMapEngine[35969:5068798] uniform: MATRIX_PrevInvVP type:15, location: 448
2026-10-05 23:42:05.391 GNXMapEngine[35969:5068798] uniform: _WorldSpaceCameraPos type:5, location: 512
2026-10-05 23:42:05.391 GNXMapEngine[35969:5068798] uniform: _ProjectionParams type:6, location: 528
2026-10-05 23:42:05.391 GNXMapEngine[35969:5068798] uniform: _ScreenParams type:6, location: 544
2026-10-05 23:42:05.391 GNXMapEngine[35969:5068798] uniform: _ZBufferParams type:6, location: 560
2026-10-05 23:42:05.391 GNXMapEngine[35969:5068798] uniform: frustumPlanes type:2, location: 576
2026-10-05 23:42:05.391 GNXMapEngine[35969:5068798] Found arg: cbPerObject
2026-10-05 23:42:05.391 GNXMapEngine[35969:5068798] uniform: MATRIX_M type:15, location: 0
2026-10-05 23:42:05.391 GNXMapEngine[35969:5068798] uniform: MATRIX_M_INV type:15, location: 64
2026-10-05 23:42:05.391 GNXMapEngine[35969:5068798] uniform: MATRIX_Normal type:15, location: 128
2026-10-05 23:42:05.393 GNXMapEngine[35969:5068798] MTLGraphicsShader::GenerateRefectionInfo Found arg: cbPerCamera, index = 0
2026-10-05 23:42:05.393 GNXMapEngine[35969:5068798] MTLGraphicsShader::GenerateRefectionInfo Found arg: cbLighting, index = 2
2026-10-05 23:42:05.393 GNXMapEngine[35969:5068798] MTLGraphicsShader::GenerateRefectionInfo Found arg: cbShadow, index = 4
2026-10-05 23:42:05.393 GNXMapEngine[35969:5068798] MTLGraphicsShader::GenerateRefectionInfo Found arg: texEnvMap, index = 0
2026-10-05 23:42:05.393 GNXMapEngine[35969:5068798] MTLGraphicsShader::GenerateRefectionInfo Found arg: texEnvMapIrradiance, index = 1
2026-10-05 23:42:05.393 GNXMapEngine[35969:5068798] MTLGraphicsShader::GenerateRefectionInfo Found arg: texBRDF_LUT, index = 2
2026-10-05 23:42:05.393 GNXMapEngine[35969:5068798] MTLGraphicsShader::GenerateRefectionInfo Found arg: gGBufferSceneColor, index = 3
2026-10-05 23:42:05.393 GNXMapEngine[35969:5068798] MTLGraphicsShader::GenerateRefectionInfo Found arg: gGBufferA, index = 4
2026-10-05 23:42:05.393 GNXMapEngine[35969:5068798] MTLGraphicsShader::GenerateRefectionInfo Found arg: gGBufferB, index = 5
2026-10-05 23:42:05.393 GNXMapEngine[35969:5068798] MTLGraphicsShader::GenerateRefectionInfo Found arg: gGBufferC, index = 6
2026-10-05 23:42:05.393 GNXMapEngine[35969:5068798] MTLGraphicsShader::GenerateRefectionInfo Found arg: gDepth, index = 8
2026-10-05 23:42:05.393 GNXMapEngine[35969:5068798] MTLGraphicsShader::GenerateRefectionInfo Found arg: gShadowMap, index = 10
2026-10-05 23:42:05.393 GNXMapEngine[35969:5068798] MTLGraphicsShader::GenerateRefectionInfo Found arg: texEnvMapSam, index = 0
2026-10-05 23:42:05.393 GNXMapEngine[35969:5068798] MTLGraphicsShader::GenerateRefectionInfo Found arg: texEnvMapIrradianceSam, index = 1
2026-10-05 23:42:05.393 GNXMapEngine[35969:5068798] MTLGraphicsShader::GenerateRefectionInfo Found arg: texBRDF_LUTSam, index = 2
2026-10-05 23:42:05.393 GNXMapEngine[35969:5068798] MTLGraphicsShader::GenerateRefectionInfo Found arg: gGBufferSceneColorSam, index = 3
2026-10-05 23:42:05.393 GNXMapEngine[35969:5068798] MTLGraphicsShader::GenerateRefectionInfo Found arg: gGBufferASam, index = 4
2026-10-05 23:42:05.393 GNXMapEngine[35969:5068798] MTLGraphicsShader::GenerateRefectionInfo Found arg: gGBufferBSam, index = 5
2026-10-05 23:42:05.393 GNXMapEngine[35969:5068798] MTLGraphicsShader::GenerateRefectionInfo Found arg: gGBufferCSam, index = 6
2026-10-05 23:42:05.393 GNXMapEngine[35969:5068798] MTLGraphicsShader::GenerateRefectionInfo Found arg: gDepthSam, index = 8
2026-10-05 23:42:05.394 GNXMapEngine[35969:5068798] MTLGraphicsShader::GenerateRefectionInfo Found arg: gShadowMapSam, index = 10
2026-10-05 23:42:05.399 GNXMapEngine[35969:5068798] MTLGraphicsShader::GenerateRefectionInfo Found arg: texImage, index = 0
2026-10-05 23:42:05.399 GNXMapEngine[35969:5068798] MTLGraphicsShader::GenerateRefectionInfo Found arg: texImageSam, index = 0
2026-10-05 23:42:05.612 GNXMapEngine[35969:5068798] MTLGraphicsShader::GenerateRefectionInfo Found arg: AtmosphereParametersCB, index = 0
2026-10-05 23:42:05.612 GNXMapEngine[35969:5068798] MTLGraphicsShader::GenerateRefectionInfo Found arg: ScatteringCB, index = 1
2026-10-05 23:42:05.612 GNXMapEngine[35969:5068798] MTLGraphicsShader::GenerateRefectionInfo Found arg: transmittance_texture, index = 0
2026-10-05 23:42:05.612 GNXMapEngine[35969:5068798] MTLGraphicsShader::GenerateRefectionInfo Found arg: single_rayleigh_scattering_texture, index = 1
2026-10-05 23:42:05.612 GNXMapEngine[35969:5068798] MTLGraphicsShader::GenerateRefectionInfo Found arg: single_mie_scattering_texture, index = 2
2026-10-05 23:42:05.612 GNXMapEngine[35969:5068798] MTLGraphicsShader::GenerateRefectionInfo Found arg: multiple_scattering_texture, index = 3
2026-10-05 23:42:05.612 GNXMapEngine[35969:5068798] MTLGraphicsShader::GenerateRefectionInfo Found arg: irradiance_texture, index = 4
2026-10-05 23:42:05.612 GNXMapEngine[35969:5068798] MTLGraphicsShader::GenerateRefectionInfo Found arg: transmittance_textureSam, index = 0
2026-10-05 23:42:05.612 GNXMapEngine[35969:5068798] MTLGraphicsShader::GenerateRefectionInfo Found arg: single_rayleigh_scattering_textureSam, index = 1
2026-10-05 23:42:05.612 GNXMapEngine[35969:5068798] MTLGraphicsShader::GenerateRefectionInfo Found arg: single_mie_scattering_textureSam, index = 2
2026-10-05 23:42:05.612 GNXMapEngine[35969:5068798] MTLGraphicsShader::GenerateRefectionInfo Found arg: multiple_scattering_textureSam, index = 3
2026-10-05 23:42:05.612 GNXMapEngine[35969:5068798] MTLGraphicsShader::GenerateRefectionInfo Found arg: irradiance_textureSam, index = 4
2026-10-05 23:42:05.621 GNXMapEngine[35969:5068798] MTLGraphicsShader::GenerateRefectionInfo Found arg: AtmosphereParametersCB, index = 0
2026-10-05 23:42:05.621 GNXMapEngine[35969:5068798] MTLGraphicsShader::GenerateRefectionInfo Found arg: ScatteringCB, index = 1
2026-10-05 23:42:05.621 GNXMapEngine[35969:5068798] MTLGraphicsShader::GenerateRefectionInfo Found arg: single_rayleigh_scattering_texture, index = 0
2026-10-05 23:42:05.621 GNXMapEngine[35969:5068798] MTLGraphicsShader::GenerateRefectionInfo Found arg: single_mie_scattering_texture, index = 1
2026-10-05 23:42:05.621 GNXMapEngine[35969:5068798] MTLGraphicsShader::GenerateRefectionInfo Found arg: multiple_scattering_texture, index = 2
2026-10-05 23:42:05.621 GNXMapEngine[35969:5068798] MTLGraphicsShader::GenerateRefectionInfo Found arg: single_rayleigh_scattering_textureSam, index = 0
2026-10-05 23:42:05.621 GNXMapEngine[35969:5068798] MTLGraphicsShader::GenerateRefectionInfo Found arg: single_mie_scattering_textureSam, index = 1
2026-10-05 23:42:05.621 GNXMapEngine[35969:5068798] MTLGraphicsShader::GenerateRefectionInfo Found arg: multiple_scattering_textureSam, index = 2
2026-10-05 23:42:05.622 GNXMapEngine[35969:5068798] MTLGraphicsShader::GenerateRefectionInfo Found arg: AtmosphereParametersCB, index = 0
2026-10-05 23:42:05.622 GNXMapEngine[35969:5068798] MTLGraphicsShader::GenerateRefectionInfo Found arg: ScatteringCB, index = 1
2026-10-05 23:42:05.622 GNXMapEngine[35969:5068798] MTLGraphicsShader::GenerateRefectionInfo Found arg: transmittance_texture, index = 0
2026-10-05 23:42:05.622 GNXMapEngine[35969:5068798] MTLGraphicsShader::GenerateRefectionInfo Found arg: scattering_density_texture, index = 1
2026-10-05 23:42:05.622 GNXMapEngine[35969:5068798] MTLGraphicsShader::GenerateRefectionInfo Found arg: transmittance_textureSam, index = 0
2026-10-05 23:42:05.622 GNXMapEngine[35969:5068798] MTLGraphicsShader::GenerateRefectionInfo Found arg: scattering_density_textureSam, index = 1
2026-10-05 23:42:07.651 GNXMapEngine[35969:5068798] MTLGraphicsShader::GenerateRefectionInfo Found arg: AtmosphereParametersCB, index = 0
2026-10-05 23:42:07.651 GNXMapEngine[35969:5068798] MTLGraphicsShader::GenerateRefectionInfo Found arg: AtmosphereViewCB, index = 1
2026-10-05 23:42:07.651 GNXMapEngine[35969:5068798] MTLGraphicsShader::GenerateRefectionInfo Found arg: AtmospherePlanetCB, index = 2
2026-10-05 23:42:07.651 GNXMapEngine[35969:5068798] MTLGraphicsShader::GenerateRefectionInfo Found arg: scene_color_texture, index = 0
2026-10-05 23:42:07.651 GNXMapEngine[35969:5068798] MTLGraphicsShader::GenerateRefectionInfo Found arg: scene_depth_texture, index = 1
2026-10-05 23:42:07.651 GNXMapEngine[35969:5068798] MTLGraphicsShader::GenerateRefectionInfo Found arg: transmittance_texture, index = 2
2026-10-05 23:42:07.651 GNXMapEngine[35969:5068798] MTLGraphicsShader::GenerateRefectionInfo Found arg: scattering_texture, index = 3
2026-10-05 23:42:07.651 GNXMapEngine[35969:5068798] MTLGraphicsShader::GenerateRefectionInfo Found arg: single_mie_scattering_texture, index = 4
2026-10-05 23:42:07.651 GNXMapEngine[35969:5068798] MTLGraphicsShader::GenerateRefectionInfo Found arg: irradiance_texture, index = 5
2026-10-05 23:42:07.651 GNXMapEngine[35969:5068798] MTLGraphicsShader::GenerateRefectionInfo Found arg: transmittance_textureSam, index = 0
2026-10-05 23:42:07.651 GNXMapEngine[35969:5068798] MTLGraphicsShader::GenerateRefectionInfo Found arg: scattering_textureSam, index = 1
2026-10-05 23:42:07.651 GNXMapEngine[35969:5068798] MTLGraphicsShader::GenerateRefectionInfo Found arg: single_mie_scattering_textureSam, index = 2
2026-10-05 23:42:07.651 GNXMapEngine[35969:5068798] MTLGraphicsShader::GenerateRefectionInfo Found arg: irradiance_textureSam, index = 3
2026-10-05 23:42:12.915 GNXMapEngine[35969:5068798] MTLGraphicsShader::GenerateRefectionInfo Found arg: texImage, index = 0
2026-10-05 23:42:12.915 GNXMapEngine[35969:5068798] MTLGraphicsShader::GenerateRefectionInfo Found arg: texImageSam, index = 0
format 2)
[2026-10-05 23:42:05.380][ShaderAssetLoader.cpp:LoadCompiledShaderFromAsset:73][INFO]LoadCompiledShader: loaded stage 0 from /Users/zhouxuguang/work/mycode/GNXMapEngine/GNXEngine/data_asset/Shader/DeferredLighting.msl_macos.gnxasset (500 bytes)
[2026-10-05 23:42:05.380][ShaderAssetLoader.cpp:LoadCompiledShaderFromAsset:73][INFO]LoadCompiledShader: loaded stage 1 from /Users/zhouxuguang/work/mycode/GNXMapEngine/GNXEngine/data_asset/Shader/DeferredLighting.msl_macos.gnxasset (13852 bytes)
[2026-10-05 23:42:07.649][AtmosphereRenderer.cpp:Precompute:557][INFO]AtmosphereRenderer: precompute finished (orders=5)
[2026-10-05 23:42:12.882][MapRenderer.cpp:LogCameraState:278][INFO][截图] 方位角(目标点基准)=0.000000 度 俯仰角(目标点基准)=85.000000 度 | 方位角(视点基准)=0.000000 度 俯仰角(视点基准)=84.820139 度 | 距离=20000.000 m
        视点: 经度=110.000000 纬度=22.820139 高=1774.387
        目标: 经度=110.000000 纬度=23.000000 高=0.000
        视线(东/北/天)=0.000000 / 0.995916 / -0.090283
[2026-10-05 23:42:13.407][ScreenshotUtil.cpp:CaptureFrameToPng:224][INFO]CaptureFrameToPng: saved /Users/zhouxuguang/work/doc/预计算大气散射/atmosphere_scattering_images/earth_horizon.png (2560x1440)
[2026-10-05 23:42:13.578][MapApplication.cpp:UpdateAutomation:726][INFO]自动化截图完成: /Users/zhouxuguang/work/doc/预计算大气散射/atmosphere_scattering_images/earth_horizon.png
